------------------------------------------------------------
TimeQuest Timing Analyzer Summary
------------------------------------------------------------

Type  : Slow Model Setup 'AUD_BCLK'
Slack : -89.197
TNS   : -10039.821

Type  : Slow Model Setup 'clk'
Slack : -3.235
TNS   : -539.787

Type  : Slow Model Setup 'AudioInit:myAudioInit|i2c:myI2c|slowi2cclk'
Slack : -3.058
TNS   : -45.654

Type  : Slow Model Hold 'clk'
Slack : -2.526
TNS   : -2.526

Type  : Slow Model Hold 'AUD_BCLK'
Slack : 0.391
TNS   : 0.000

Type  : Slow Model Hold 'AudioInit:myAudioInit|i2c:myI2c|slowi2cclk'
Slack : 0.391
TNS   : 0.000

Type  : Slow Model Recovery 'clk'
Slack : -0.462
TNS   : -4.820

Type  : Slow Model Recovery 'AudioInit:myAudioInit|i2c:myI2c|slowi2cclk'
Slack : -0.224
TNS   : -2.240

Type  : Slow Model Recovery 'AUD_BCLK'
Slack : 0.444
TNS   : 0.000

Type  : Slow Model Removal 'AUD_BCLK'
Slack : -1.332
TNS   : -105.707

Type  : Slow Model Removal 'clk'
Slack : -0.072
TNS   : -9.616

Type  : Slow Model Removal 'AudioInit:myAudioInit|i2c:myI2c|slowi2cclk'
Slack : 0.767
TNS   : 0.000

Type  : Slow Model Minimum Pulse Width 'clk'
Slack : -1.380
TNS   : -203.380

Type  : Slow Model Minimum Pulse Width 'AUD_BCLK'
Slack : -1.222
TNS   : -307.222

Type  : Slow Model Minimum Pulse Width 'rst'
Slack : -1.222
TNS   : -1.222

Type  : Slow Model Minimum Pulse Width 'AudioInit:myAudioInit|i2c:myI2c|slowi2cclk'
Slack : -0.500
TNS   : -19.000

Type  : Fast Model Setup 'AUD_BCLK'
Slack : -38.028
TNS   : -4196.779

Type  : Fast Model Setup 'clk'
Slack : -1.014
TNS   : -149.710

Type  : Fast Model Setup 'AudioInit:myAudioInit|i2c:myI2c|slowi2cclk'
Slack : -0.870
TNS   : -10.981

Type  : Fast Model Hold 'clk'
Slack : -1.568
TNS   : -1.568

Type  : Fast Model Hold 'AUD_BCLK'
Slack : 0.145
TNS   : 0.000

Type  : Fast Model Hold 'AudioInit:myAudioInit|i2c:myI2c|slowi2cclk'
Slack : 0.215
TNS   : 0.000

Type  : Fast Model Recovery 'clk'
Slack : 0.214
TNS   : 0.000

Type  : Fast Model Recovery 'AUD_BCLK'
Slack : 0.279
TNS   : 0.000

Type  : Fast Model Recovery 'AudioInit:myAudioInit|i2c:myI2c|slowi2cclk'
Slack : 0.288
TNS   : 0.000

Type  : Fast Model Removal 'AUD_BCLK'
Slack : -0.542
TNS   : -37.366

Type  : Fast Model Removal 'clk'
Slack : -0.067
TNS   : -9.039

Type  : Fast Model Removal 'AudioInit:myAudioInit|i2c:myI2c|slowi2cclk'
Slack : 0.500
TNS   : 0.000

Type  : Fast Model Minimum Pulse Width 'clk'
Slack : -1.380
TNS   : -203.380

Type  : Fast Model Minimum Pulse Width 'AUD_BCLK'
Slack : -1.222
TNS   : -307.222

Type  : Fast Model Minimum Pulse Width 'rst'
Slack : -1.222
TNS   : -1.222

Type  : Fast Model Minimum Pulse Width 'AudioInit:myAudioInit|i2c:myI2c|slowi2cclk'
Slack : -0.500
TNS   : -19.000

------------------------------------------------------------
